<dry-run-result xmlns='http://tail-f.com/ns/rest/dry-run'>
    <result-xml>
        <local-node>
            <data>
                <devices xmlns="http://tail-f.com/ns/ncs">
                    <device>
                        <name>iosxr-0</name>
                        <config>
                            <vrf xmlns="http://tail-f.com/ned/cisco-ios-xr">
                                <vrf-list>
                                    <name>service01:1</name>
                                    <address-family>
                                        <ipv4>
                                            <unicast>
                                                <import>
                                                    <route-target>
                                                        <address-list>
                                                            <name>65000:1</name>
                                                        </address-list>
                                                    </route-target>
                                                </import>
                                                <export>
                                                    <route-target>
                                                        <address-list>
                                                            <name>65000:1</name>
                                                        </address-list>
                                                    </route-target>
                                                </export>
                                                <maximum>
                                                    <prefix>
                                                        <limit>500</limit>
                                                        <mid-thresh>75</mid-thresh>
                                                    </prefix>
                                                </maximum>
                                            </unicast>
                                        </ipv4>
                                    </address-family>
                                </vrf-list>
                            </vrf>
                            <policy-map xmlns="http://tail-f.com/ned/cisco-ios-xr">
                                <name>service01</name>
                                <class>
                                    <class-default>
                                        <map>class-default</map>
                                        <police-rate-unit>
                                            <police>
                                                <rate>
                                                    <cir>100</cir>
                                                    <cir-unit>mbps</cir-unit>
                                                    <conform-action>
                                                        <transmit></transmit>
                                                    </conform-action>
                                                    <exceed-action>
                                                        <drop></drop>
                                                    </exceed-action>
                                                </rate>
                                            </police>
                                        </police-rate-unit>
                                    </class-default>
                                </class>
                            </policy-map>
                            <interface xmlns="http://tail-f.com/ned/cisco-ios-xr">
                                <GigabitEthernet>
                                    <id>2/0</id>
                                    <description>NSO:Disneyland:service01</description>
                                    <mtu>2000</mtu>
                                    <service-policy>
                                        <input>
                                            <name>service01</name>
                                        </input>
                                    </service-policy>
                                    <vrf>service01:1</vrf>
                                    <ipv4>
                                        <address>
                                            <ip>10.100.10.1</ip>
                                            <mask>255.255.255.248</mask>
                                        </address>
                                    </ipv4>
                                </GigabitEthernet>
                            </interface>
                            <router xmlns="http://tail-f.com/ned/cisco-ios-xr">
                                <static>
                                    <vrf>
                                        <name>service01</name>
                                        <address-family>
                                            <ipv4>
                                                <unicast>
                                                    <routes-ip>
                                                        <net>172.16.16.0/24</net>
                                                        <address>10.100.10.2</address>
                                                        <description>service01</description>
                                                    </routes-ip>
                                                    <routes-ip>
                                                        <net>172.16.17.0/24</net>
                                                        <address>10.100.10.3</address>
                                                        <description>service01</description>
                                                    </routes-ip>
                                                </unicast>
                                            </ipv4>
                                        </address-family>
                                    </vrf>
                                </static>
                                <bgp>
                                    <bgp-no-instance>
                                        <id>65000</id>
                                        <vrf>
                                            <name>service01:1</name>
                                            <rd>192.168.1.4:1</rd>
                                            <address-family>
                                                <ipv4>
                                                    <unicast>
                                                        <redistribute>
                                                            <connected></connected>
                                                            <static></static>
                                                        </redistribute>
                                                    </unicast>
                                                </ipv4>
                                            </address-family>
                                        </vrf>
                                    </bgp-no-instance>
                                </bgp>
                            </router>
                        </config>
                    </device>
                    <device>
                        <name>iosxr-1</name>
                        <config>
                            <vrf xmlns="http://tail-f.com/ned/cisco-ios-xr">
                                <vrf-list>
                                    <name>service01:1</name>
                                    <address-family>
                                        <ipv4>
                                            <unicast>
                                                <import>
                                                    <route-target>
                                                        <address-list>
                                                            <name>65000:1</name>
                                                        </address-list>
                                                    </route-target>
                                                </import>
                                                <export>
                                                    <route-target>
                                                        <address-list>
                                                            <name>65000:1</name>
                                                        </address-list>
                                                    </route-target>
                                                </export>
                                                <maximum>
                                                    <prefix>
                                                        <limit>500</limit>
                                                        <mid-thresh>75</mid-thresh>
                                                    </prefix>
                                                </maximum>
                                            </unicast>
                                        </ipv4>
                                    </address-family>
                                </vrf-list>
                            </vrf>
                            <policy-map xmlns="http://tail-f.com/ned/cisco-ios-xr">
                                <name>service01</name>
                                <class>
                                    <class-default>
                                        <map>class-default</map>
                                        <police-rate-unit>
                                            <police>
                                                <rate>
                                                    <cir>100</cir>
                                                    <cir-unit>mbps</cir-unit>
                                                    <conform-action>
                                                        <transmit></transmit>
                                                    </conform-action>
                                                    <exceed-action>
                                                        <drop></drop>
                                                    </exceed-action>
                                                </rate>
                                            </police>
                                        </police-rate-unit>
                                    </class-default>
                                </class>
                            </policy-map>
                            <interface xmlns="http://tail-f.com/ned/cisco-ios-xr">
                                <GigabitEthernet-subinterface>
                                    <GigabitEthernet>
                                        <id>2/0.1</id>
                                        <description>NSO:Disneyland:service01</description>
                                        <mtu>2000</mtu>
                                        <encapsulation>
                                            <dot1q>
                                                <vlan-id>21</vlan-id>
                                            </dot1q>
                                        </encapsulation>
                                        <service-policy>
                                            <input>
                                                <name>service01</name>
                                            </input>
                                        </service-policy>
                                        <vrf>service01:1</vrf>
                                        <ipv4>
                                            <address>
                                                <ip>10.100.10.9</ip>
                                                <mask>255.255.255.248</mask>
                                            </address>
                                        </ipv4>
                                    </GigabitEthernet>
                                </GigabitEthernet-subinterface>
                            </interface>
                            <router xmlns="http://tail-f.com/ned/cisco-ios-xr">
                                <static>
                                    <vrf>
                                        <name>service01</name>
                                        <address-family>
                                            <ipv4>
                                                <unicast>
                                                    <routes-ip>
                                                        <net>172.16.18.0/24</net>
                                                        <address>10.100.10.10</address>
                                                        <description>service01</description>
                                                    </routes-ip>
                                                </unicast>
                                            </ipv4>
                                        </address-family>
                                    </vrf>
                                </static>
                                <bgp>
                                    <bgp-no-instance>
                                        <id>65000</id>
                                        <vrf>
                                            <name>service01:1</name>
                                            <rd>192.168.1.5:1</rd>
                                            <address-family>
                                                <ipv4>
                                                    <unicast>
                                                        <redistribute>
                                                            <connected></connected>
                                                            <static></static>
                                                        </redistribute>
                                                    </unicast>
                                                </ipv4>
                                            </address-family>
                                        </vrf>
                                    </bgp-no-instance>
                                </bgp>
                            </router>
                        </config>
                    </device>
                    <device>
                        <name>iosxr-2</name>
                        <config>
                            <vrf xmlns="http://tail-f.com/ned/cisco-ios-xr">
                                <vrf-list>
                                    <name>service01:1</name>
                                    <address-family>
                                        <ipv4>
                                            <unicast>
                                                <import>
                                                    <route-target>
                                                        <address-list>
                                                            <name>65000:1</name>
                                                        </address-list>
                                                    </route-target>
                                                </import>
                                                <export>
                                                    <route-target>
                                                        <address-list>
                                                            <name>65000:1</name>
                                                        </address-list>
                                                    </route-target>
                                                </export>
                                                <maximum>
                                                    <prefix>
                                                        <limit>500</limit>
                                                        <mid-thresh>75</mid-thresh>
                                                    </prefix>
                                                </maximum>
                                            </unicast>
                                        </ipv4>
                                    </address-family>
                                </vrf-list>
                            </vrf>
                            <policy-map xmlns="http://tail-f.com/ned/cisco-ios-xr">
                                <name>service01</name>
                                <class>
                                    <class-default>
                                        <map>class-default</map>
                                        <police-rate-unit>
                                            <police>
                                                <rate>
                                                    <cir>100</cir>
                                                    <cir-unit>mbps</cir-unit>
                                                    <conform-action>
                                                        <transmit></transmit>
                                                    </conform-action>
                                                    <exceed-action>
                                                        <drop></drop>
                                                    </exceed-action>
                                                </rate>
                                            </police>
                                        </police-rate-unit>
                                    </class-default>
                                </class>
                            </policy-map>
                            <interface xmlns="http://tail-f.com/ned/cisco-ios-xr">
                                <GigabitEthernet-subinterface>
                                    <GigabitEthernet>
                                        <id>2/0.1</id>
                                        <description>NSO:Disneyland:service01</description>
                                        <mtu>2000</mtu>
                                        <encapsulation>
                                            <dot1q>
                                                <vlan-id>21</vlan-id>
                                            </dot1q>
                                        </encapsulation>
                                        <service-policy>
                                            <input>
                                                <name>service01</name>
                                            </input>
                                        </service-policy>
                                        <vrf>service01:1</vrf>
                                        <ipv4>
                                            <address>
                                                <ip>10.100.10.17</ip>
                                                <mask>255.255.255.248</mask>
                                            </address>
                                        </ipv4>
                                    </GigabitEthernet>
                                </GigabitEthernet-subinterface>
                            </interface>
                            <router xmlns="http://tail-f.com/ned/cisco-ios-xr">
                                <bgp>
                                    <bgp-no-instance>
                                        <id>65000</id>
                                        <neighbor-group>
                                            <name>service01</name>
                                            <remote-as>65001</remote-as>
                                            <address-family>
                                                <ipv4>
                                                    <unicast>
                                                        <route-policy>
                                                            <direction>in</direction>
                                                            <name>PASS</name>
                                                        </route-policy>
                                                        <route-policy>
                                                            <direction>out</direction>
                                                            <name>PASS</name>
                                                        </route-policy>
                                                        <soft-reconfiguration>
                                                            <inbound>
                                                                <type>always</type>
                                                            </inbound>
                                                        </soft-reconfiguration>
                                                    </unicast>
                                                </ipv4>
                                            </address-family>
                                        </neighbor-group>
                                        <vrf>
                                            <name>service01</name>
                                            <rd>192.168.1.6:1</rd>
                                            <neighbor>
                                                <id>10.100.10.18</id>
                                                <password>
                                                    <enc-type>clear</enc-type>
                                                    <password>$8$b2LmdEaWuM3vrqCL/plZ0oVMmUoFRl9h56ORBQdf8vg=</password>
                                                </password>
                                                <use>
                                                    <neighbor-group>service01</neighbor-group>
                                                </use>
                                            </neighbor>
                                        </vrf>
                                        <vrf>
                                            <name>service01:1</name>
                                            <rd>192.168.1.6:1</rd>
                                            <address-family>
                                                <ipv4>
                                                    <unicast>
                                                        <redistribute>
                                                            <connected></connected>
                                                        </redistribute>
                                                    </unicast>
                                                </ipv4>
                                            </address-family>
                                        </vrf>
                                    </bgp-no-instance>
                                </bgp>
                            </router>
                        </config>
                    </device>
                </devices>
                <services xmlns="http://tail-f.com/ns/ncs">
                    <l3vpn xmlns="http://dbono711/l3vpn">
                        <customer-name>Disneyland</customer-name>
                        <service-id>service01</service-id>
                        <vpn-id>1</vpn-id>
                        <inet>IPv4</inet>
                        <max-routes>500</max-routes>
                        <max-routes-warning>75</max-routes-warning>
                        <provider-edge>
                            <asn>65000</asn>
                            <device>
                                <name>iosxr-0</name>
                                <redistribute>static</redistribute>
                                <redistribute>connected</redistribute>
                                <interface>
                                    <name>GigabitEthernet2/0</name>
                                    <cir>100</cir>
                                    <mtu>2000</mtu>
                                    <port-mode>true</port-mode>
                                    <ipv4-local-prefix>10.100.10.1/29</ipv4-local-prefix>
                                </interface>
                                <ce-routing>
                                    <static>
                                        <ipv4-destination-prefix>
                                            <ipv4-prefix>172.16.16.0/24</ipv4-prefix>
                                            <ipv4-forwarding>10.100.10.2</ipv4-forwarding>
                                        </ipv4-destination-prefix>
                                        <ipv4-destination-prefix>
                                            <ipv4-prefix>172.16.17.0/24</ipv4-prefix>
                                            <ipv4-forwarding>10.100.10.3</ipv4-forwarding>
                                        </ipv4-destination-prefix>
                                    </static>
                                </ce-routing>
                            </device>
                            <device>
                                <name>iosxr-1</name>
                                <redistribute>static</redistribute>
                                <redistribute>connected</redistribute>
                                <interface>
                                    <name>GigabitEthernet2/0</name>
                                    <cir>100</cir>
                                    <mtu>2000</mtu>
                                    <port-mode>false</port-mode>
                                    <efp-id>1</efp-id>
                                    <vlan-id>21</vlan-id>
                                    <ipv4-local-prefix>10.100.10.9/29</ipv4-local-prefix>
                                </interface>
                                <ce-routing>
                                    <static>
                                        <ipv4-destination-prefix>
                                            <ipv4-prefix>172.16.18.0/24</ipv4-prefix>
                                            <ipv4-forwarding>10.100.10.10</ipv4-forwarding>
                                        </ipv4-destination-prefix>
                                    </static>
                                </ce-routing>
                            </device>
                            <device>
                                <name>iosxr-2</name>
                                <redistribute>connected</redistribute>
                                <interface>
                                    <name>GigabitEthernet2/0</name>
                                    <cir>100</cir>
                                    <mtu>2000</mtu>
                                    <port-mode>false</port-mode>
                                    <efp-id>1</efp-id>
                                    <vlan-id>21</vlan-id>
                                    <ipv4-local-prefix>10.100.10.17/29</ipv4-local-prefix>
                                </interface>
                                <ce-routing>
                                    <bgp>
                                        <asn>65001</asn>
                                        <ipv4-neighbor>
                                            <address>10.100.10.18</address>
                                            <password>$8$b2LmdEaWuM3vrqCL/plZ0oVMmUoFRl9h56ORBQdf8vg=</password>
                                        </ipv4-neighbor>
                                    </bgp>
                                </ce-routing>
                            </device>
                        </provider-edge>
                    </l3vpn>
                </services>
            </data>
        </local-node>
    </result-xml>
</dry-run-result>