<dry-run-result xmlns='http://tail-f.com/ns/rest/dry-run'>
    <result-xml>
        <local-node>
            <data>
                <devices xmlns="http://tail-f.com/ns/ncs">
                    <device>
                        <name>iosxr-0</name>
                        <config>
                            <vrf xmlns="http://tail-f.com/ned/cisco-ios-xr">
                                <vrf-list xmlns:nc="urn:ietf:params:xml:ns:netconf:base:1.0" nc:operation="delete">
                                    <name>service01:1</name>
                                </vrf-list>
                            </vrf>
                            <policy-map xmlns="http://tail-f.com/ned/cisco-ios-xr" xmlns:nc="urn:ietf:params:xml:ns:netconf:base:1.0" nc:operation="delete">
                                <name>service01</name>
                            </policy-map>
                            <interface xmlns="http://tail-f.com/ned/cisco-ios-xr">
                                <TenGigE>
                                    <id>2/0</id>
                                    <description xmlns:nc="urn:ietf:params:xml:ns:netconf:base:1.0" nc:operation="delete"></description>
                                    <mtu xmlns:nc="urn:ietf:params:xml:ns:netconf:base:1.0" nc:operation="delete"></mtu>
                                    <service-policy>
                                        <input>
                                            <name xmlns:nc="urn:ietf:params:xml:ns:netconf:base:1.0" nc:operation="delete"></name>
                                        </input>
                                    </service-policy>
                                    <vrf xmlns:nc="urn:ietf:params:xml:ns:netconf:base:1.0" nc:operation="delete"></vrf>
                                    <ipv4>
                                        <address>
                                            <ip xmlns:nc="urn:ietf:params:xml:ns:netconf:base:1.0" nc:operation="delete"></ip>
                                            <mask xmlns:nc="urn:ietf:params:xml:ns:netconf:base:1.0" nc:operation="delete"></mask>
                                        </address>
                                    </ipv4>
                                </TenGigE>
                                <GigabitEthernet>
                                    <id>2/0</id>
                                    <description xmlns:nc="urn:ietf:params:xml:ns:netconf:base:1.0" nc:operation="delete"></description>
                                    <mtu xmlns:nc="urn:ietf:params:xml:ns:netconf:base:1.0" nc:operation="delete"></mtu>
                                    <service-policy>
                                        <input>
                                            <name xmlns:nc="urn:ietf:params:xml:ns:netconf:base:1.0" nc:operation="delete"></name>
                                        </input>
                                    </service-policy>
                                    <vrf xmlns:nc="urn:ietf:params:xml:ns:netconf:base:1.0" nc:operation="delete"></vrf>
                                    <ipv4>
                                        <address>
                                            <ip xmlns:nc="urn:ietf:params:xml:ns:netconf:base:1.0" nc:operation="delete"></ip>
                                            <mask xmlns:nc="urn:ietf:params:xml:ns:netconf:base:1.0" nc:operation="delete"></mask>
                                        </address>
                                    </ipv4>
                                </GigabitEthernet>
                            </interface>
                            <router xmlns="http://tail-f.com/ned/cisco-ios-xr">
                                <static>
                                    <vrf xmlns:nc="urn:ietf:params:xml:ns:netconf:base:1.0" nc:operation="delete">
                                        <name>service01</name>
                                    </vrf>
                                </static>
                                <bgp>
                                    <bgp-no-instance xmlns:nc="urn:ietf:params:xml:ns:netconf:base:1.0" nc:operation="delete">
                                        <id>65000</id>
                                    </bgp-no-instance>
                                </bgp>
                            </router>
                        </config>
                    </device>
                    <device>
                        <name>iosxr-1</name>
                        <config>
                            <vrf xmlns="http://tail-f.com/ned/cisco-ios-xr">
                                <vrf-list xmlns:nc="urn:ietf:params:xml:ns:netconf:base:1.0" nc:operation="delete">
                                    <name>service01:1</name>
                                </vrf-list>
                            </vrf>
                            <policy-map xmlns="http://tail-f.com/ned/cisco-ios-xr" xmlns:nc="urn:ietf:params:xml:ns:netconf:base:1.0" nc:operation="delete">
                                <name>service01</name>
                            </policy-map>
                            <interface xmlns="http://tail-f.com/ned/cisco-ios-xr">
                                <TenGigE-subinterface>
                                    <TenGigE xmlns:nc="urn:ietf:params:xml:ns:netconf:base:1.0" nc:operation="delete">
                                        <id>2/0.1</id>
                                    </TenGigE>
                                </TenGigE-subinterface>
                                <GigabitEthernet-subinterface>
                                    <GigabitEthernet xmlns:nc="urn:ietf:params:xml:ns:netconf:base:1.0" nc:operation="delete">
                                        <id>2/0.1</id>
                                    </GigabitEthernet>
                                </GigabitEthernet-subinterface>
                            </interface>
                            <router xmlns="http://tail-f.com/ned/cisco-ios-xr">
                                <static>
                                    <vrf xmlns:nc="urn:ietf:params:xml:ns:netconf:base:1.0" nc:operation="delete">
                                        <name>service01</name>
                                    </vrf>
                                </static>
                                <bgp>
                                    <bgp-no-instance xmlns:nc="urn:ietf:params:xml:ns:netconf:base:1.0" nc:operation="delete">
                                        <id>65000</id>
                                    </bgp-no-instance>
                                </bgp>
                            </router>
                        </config>
                    </device>
                    <device>
                        <name>iosxr-2</name>
                        <config>
                            <vrf xmlns="http://tail-f.com/ned/cisco-ios-xr">
                                <vrf-list xmlns:nc="urn:ietf:params:xml:ns:netconf:base:1.0" nc:operation="delete">
                                    <name>service01:1</name>
                                </vrf-list>
                            </vrf>
                            <policy-map xmlns="http://tail-f.com/ned/cisco-ios-xr" xmlns:nc="urn:ietf:params:xml:ns:netconf:base:1.0" nc:operation="delete">
                                <name>service01</name>
                            </policy-map>
                            <interface xmlns="http://tail-f.com/ned/cisco-ios-xr">
                                <GigabitEthernet-subinterface>
                                    <GigabitEthernet xmlns:nc="urn:ietf:params:xml:ns:netconf:base:1.0" nc:operation="delete">
                                        <id>2/0.1</id>
                                    </GigabitEthernet>
                                    <GigabitEthernet xmlns:nc="urn:ietf:params:xml:ns:netconf:base:1.0" nc:operation="delete">
                                        <id>2/1.2</id>
                                    </GigabitEthernet>
                                </GigabitEthernet-subinterface>
                            </interface>
                            <router xmlns="http://tail-f.com/ned/cisco-ios-xr">
                                <static>
                                    <vrf xmlns:nc="urn:ietf:params:xml:ns:netconf:base:1.0" nc:operation="delete">
                                        <name>service01</name>
                                    </vrf>
                                </static>
                                <bgp>
                                    <bgp-no-instance xmlns:nc="urn:ietf:params:xml:ns:netconf:base:1.0" nc:operation="delete">
                                        <id>65000</id>
                                    </bgp-no-instance>
                                </bgp>
                            </router>
                        </config>
                    </device>
                </devices>
                <services xmlns="http://tail-f.com/ns/ncs">
                    <l3vpn xmlns="http://dbono711/l3vpn" xmlns:nc="urn:ietf:params:xml:ns:netconf:base:1.0" nc:operation="delete">
                        <customer-name>Disneyland</customer-name>
                        <service-id>service01</service-id>
                    </l3vpn>
                </services>
            </data>
        </local-node>
    </result-xml>
</dry-run-result>